// Jest Snapshot v1, https://goo.gl/fbAQLP

exports[`makeCandlesRestApiUrl function throws error on unsupported exhange success 1`] = `"Exchange not supported. Did you add the exchange to makeCandlesRestApiUrl?"`;
